MO disp_hex_mux NULL ../disp_hex_mux/disp_hex_mux.v vlg49/disp__hex__mux.bin 1435112408
MO reaction_timer_test NULL reaction_timer_test.v vlg30/reaction__timer__test.bin 1435112408
MO clock_timer_stopwatch NULL clock_timer_stopwatch.v vlg4C/clock__timer__stopwatch.bin 1435110550
MO reaction_timer NULL reaction_timer.v vlg79/reaction__timer.bin 1435112408
MO stop_watch_cascade NULL ../stopwatch/stop_watch_cascade.v vlg2F/stop__watch__cascade.bin 1435112408
